<html>
<body>
<pre>
<h1>µVision Build Log</h1>
<h2>Tool Versions:</h2>
IDE-Version: µVision V5.40.0.0
Copyright (C) 2024 ARM Ltd and ARM Germany GmbH. All rights reserved.
License Information: N/A N/A, N/A, LIC=----
 
Tool Versions:
Toolchain:       MDK-Lite  Version: 5.40.0.3
Toolchain Path:  D:\Keil_v5\ARM\ARMCLANG\Bin
C Compiler:      ArmClang.exe V6.22
Assembler:       Armasm.exe V6.22
Linker/Locator:  ArmLink.exe V6.22
Library Manager: ArmAr.exe V6.22
Hex Converter:   FromElf.exe V6.22
CPU DLL:         SARMCM3.DLL V5.40.0.3
Dialog DLL:      DCM.DLL V1.17.5.0
Target DLL:      UL2CM3.DLL V1.164.11.0
Dialog DLL:      TCM.DLL V1.56.4.0
 
<h2>Project:</h2>
C:\Users\esthe\OneDrive\Documents\Clone\STM32F401RE-Tutorials\bluePushButton_F401RE\bluePushButton_BM_F401RE\bluePushButton_BM_F401RE.uvprojx
Project File Date:  06/27/2024

<h2>Output:</h2>
*** Using Compiler 'V6.22', folder: 'D:\Keil_v5\ARM\ARMCLANG\Bin'
Build target 'Target 1'
compiling main.c...
linking...
Program Size: Code=820 RO-data=420 RW-data=0 ZI-data=1640  
FromELF: creating hex file...
".\Objects\bluePushButton_BM_F401RE.axf" - 0 Error(s), 0 Warning(s).

<h2>Software Packages used:</h2>

Package Vendor: ARM
                https://www.keil.com/pack/ARM.CMSIS.6.1.0.pack
                ARM::CMSIS@6.1.0
                CMSIS (Common Microcontroller Software Interface Standard)
   * Component: CORE Version: 6.1.0

Package Vendor: Keil
                https://www.keil.com/pack/Keil.STM32F4xx_DFP.2.17.1.pack
                Keil::STM32F4xx_DFP@2.17.1
                STMicroelectronics STM32F4 Series Device Support, Drivers and Examples
   * Component: Startup Version: 2.6.3

<h2>Collection of Component include folders:</h2>
  ./RTE/_Target_1
  D:/Arm/Packs/ARM/CMSIS/6.1.0/CMSIS/Core/Include
  D:/Arm/Packs/Keil/STM32F4xx_DFP/2.17.1/Drivers/CMSIS/Device/ST/STM32F4xx/Include

<h2>Collection of Component Files used:</h2>

   * Component: ARM::CMSIS:CORE@6.1.0

   * Component: Keil::Device:Startup@2.6.3
      Include file:  Drivers/CMSIS/Device/ST/STM32F4xx/Include/stm32f4xx.h
      Source file:   MDK/Device/Source/ARM/STM32F4xx_OTP.s
      Source file:   Drivers/CMSIS/Device/ST/STM32F4xx/Source/Templates/arm/startup_stm32f401xe.s
      Source file:   MDK/Device/Source/ARM/STM32F401xx_OPT.s
      Source file:   Drivers/CMSIS/Device/ST/STM32F4xx/Source/Templates/system_stm32f4xx.c
Build Time Elapsed:  00:00:00
</pre>
</body>
</html>
